
Discarded input sections

 .text          0x00000000        0x0 build/obj/crt0.o
 .data          0x00000000        0x0 build/obj/crt0.o
 .bss           0x00000000        0x0 build/obj/crt0.o
 .text.__early_init
                0x00000000       0x10 build/obj/crt0.o
 .text          0x00000000        0x0 build/obj/vectors.o
 .data          0x00000000        0x0 build/obj/vectors.o
 .bss           0x00000000        0x0 build/obj/vectors.o
 .text          0x00000000        0x0 build/obj/chcore.o
 .data          0x00000000        0x0 build/obj/chcore.o
 .bss           0x00000000        0x0 build/obj/chcore.o
 .text          0x00000000        0x0 build/obj/chcore_v7m.o
 .data          0x00000000        0x0 build/obj/chcore_v7m.o
 .bss           0x00000000        0x0 build/obj/chcore_v7m.o
 .text          0x00000000        0x0 build/obj/nvic.o
 .data          0x00000000        0x0 build/obj/nvic.o
 .bss           0x00000000        0x0 build/obj/nvic.o
 .text.nvicDisableVector
                0x00000000       0x40 build/obj/nvic.o
 .text          0x00000000        0x0 build/obj/chsys.o
 .data          0x00000000        0x0 build/obj/chsys.o
 .bss           0x00000000        0x0 build/obj/chsys.o
 .text          0x00000000        0x0 build/obj/chdebug.o
 .data          0x00000000        0x0 build/obj/chdebug.o
 .bss           0x00000000        0x0 build/obj/chdebug.o
 .text.dbg_check_disable
                0x00000000       0x30 build/obj/chdebug.o
 .text.dbg_check_suspend
                0x00000000       0x30 build/obj/chdebug.o
 .text          0x00000000        0x0 build/obj/chlists.o
 .data          0x00000000        0x0 build/obj/chlists.o
 .bss           0x00000000        0x0 build/obj/chlists.o
 .debug_info    0x00000000       0x79 build/obj/chlists.o
 .debug_abbrev  0x00000000       0x26 build/obj/chlists.o
 .debug_aranges
                0x00000000       0x18 build/obj/chlists.o
 .debug_line    0x00000000       0x1d build/obj/chlists.o
 .debug_str     0x00000000      0x10a build/obj/chlists.o
 .comment       0x00000000       0x12 build/obj/chlists.o
 .ARM.attributes
                0x00000000       0x33 build/obj/chlists.o
 .text          0x00000000        0x0 build/obj/chvt.o
 .data          0x00000000        0x0 build/obj/chvt.o
 .bss           0x00000000        0x0 build/obj/chvt.o
 .text.chTimeIsWithin
                0x00000000       0x40 build/obj/chvt.o
 .text          0x00000000        0x0 build/obj/chschd.o
 .data          0x00000000        0x0 build/obj/chschd.o
 .bss           0x00000000        0x0 build/obj/chschd.o
 .text.chSchRescheduleS
                0x00000000       0x30 build/obj/chschd.o
 .text          0x00000000        0x0 build/obj/chthreads.o
 .data          0x00000000        0x0 build/obj/chthreads.o
 .bss           0x00000000        0x0 build/obj/chthreads.o
 .text._thread_memfill
                0x00000000       0x10 build/obj/chthreads.o
 .text.chThdSetPriority
                0x00000000       0x50 build/obj/chthreads.o
 .text.chThdResume
                0x00000000       0x40 build/obj/chthreads.o
 .text.chThdTerminate
                0x00000000       0x30 build/obj/chthreads.o
 .text.chThdSleepUntil
                0x00000000       0x30 build/obj/chthreads.o
 .text.chThdYield
                0x00000000       0x30 build/obj/chthreads.o
 .text.chThdWait
                0x00000000       0x80 build/obj/chthreads.o
 .text          0x00000000        0x0 build/obj/chdynamic.o
 .data          0x00000000        0x0 build/obj/chdynamic.o
 .bss           0x00000000        0x0 build/obj/chdynamic.o
 .text.chThdAddRef
                0x00000000       0x40 build/obj/chdynamic.o
 .text.chThdRelease
                0x00000000       0x80 build/obj/chdynamic.o
 .text.chThdCreateFromHeap
                0x00000000       0x70 build/obj/chdynamic.o
 .text.chThdCreateFromMemoryPool
                0x00000000       0x80 build/obj/chdynamic.o
 .rodata.str1.4
                0x00000000       0x48 build/obj/chdynamic.o
 .debug_info    0x00000000      0xa77 build/obj/chdynamic.o
 .debug_abbrev  0x00000000      0x24d build/obj/chdynamic.o
 .debug_loc     0x00000000      0x37f build/obj/chdynamic.o
 .debug_aranges
                0x00000000       0x38 build/obj/chdynamic.o
 .debug_ranges  0x00000000       0x40 build/obj/chdynamic.o
 .debug_line    0x00000000      0x28d build/obj/chdynamic.o
 .debug_str     0x00000000      0x423 build/obj/chdynamic.o
 .comment       0x00000000       0x12 build/obj/chdynamic.o
 .ARM.attributes
                0x00000000       0x33 build/obj/chdynamic.o
 .debug_frame   0x00000000       0xa0 build/obj/chdynamic.o
 .text          0x00000000        0x0 build/obj/chregistry.o
 .data          0x00000000        0x0 build/obj/chregistry.o
 .bss           0x00000000        0x0 build/obj/chregistry.o
 .text.chRegFirstThread
                0x00000000       0x30 build/obj/chregistry.o
 .text.chRegNextThread
                0x00000000       0x50 build/obj/chregistry.o
 .rodata.str1.4
[...]
Memory Configuration

Name             Origin             Length             Attributes
flash            0x08000000         0x00040000
ram              0x20000000         0x0000a000
ccmram           0x10000000         0x00002000
*default*        0x00000000         0xffffffff

Linker script and memory map

LOAD build/obj/crt0.o
LOAD build/obj/vectors.o
LOAD build/obj/chcore.o
LOAD build/obj/chcore_v7m.o
LOAD build/obj/nvic.o
LOAD build/obj/chsys.o
LOAD build/obj/chdebug.o
LOAD build/obj/chlists.o
LOAD build/obj/chvt.o
LOAD build/obj/chschd.o
LOAD build/obj/chthreads.o
LOAD build/obj/chdynamic.o
LOAD build/obj/chregistry.o
LOAD build/obj/chsem.o
LOAD build/obj/chmtx.o
LOAD build/obj/chcond.o
LOAD build/obj/chevents.o
LOAD build/obj/chmsg.o
LOAD build/obj/chmboxes.o
LOAD build/obj/chqueues.o
LOAD build/obj/chmemcore.o
LOAD build/obj/chheap.o
LOAD build/obj/chmempools.o
LOAD build/obj/test.o
LOAD build/obj/testthd.o
LOAD build/obj/testsem.o
LOAD build/obj/testmtx.o
LOAD build/obj/testmsg.o
LOAD build/obj/testmbox.o
LOAD build/obj/testevt.o
LOAD build/obj/testheap.o
LOAD build/obj/testpools.o
LOAD build/obj/testdyn.o
LOAD build/obj/testqueues.o
LOAD build/obj/testbmk.o
LOAD build/obj/hal.o
LOAD build/obj/adc.o
LOAD build/obj/can.o
LOAD build/obj/ext.o
LOAD build/obj/gpt.o
LOAD build/obj/i2c.o
LOAD build/obj/icu.o
LOAD build/obj/mac.o
LOAD build/obj/mmc_spi.o
LOAD build/obj/mmcsd.o
LOAD build/obj/pal.o
LOAD build/obj/pwm.o
LOAD build/obj/rtc.o
LOAD build/obj/sdc.o
LOAD build/obj/serial.o
LOAD build/obj/serial_usb.o
LOAD build/obj/spi.o
LOAD build/obj/tm.o
LOAD build/obj/uart.o
LOAD build/obj/usb.o
LOAD build/obj/stm32_dma.o
LOAD build/obj/hal_lld.o
LOAD build/obj/adc_lld.o
LOAD build/obj/ext_lld_isr.o
LOAD build/obj/can_lld.o
LOAD build/obj/ext_lld.o
LOAD build/obj/gpt_lld.o
LOAD build/obj/icu_lld.o
LOAD build/obj/pwm_lld.o
LOAD build/obj/pal_lld.o
LOAD build/obj/spi_lld.o
LOAD build/obj/serial_lld.o
LOAD build/obj/uart_lld.o
LOAD build/obj/usb_lld.o
LOAD build/obj/board.o
LOAD build/obj/l3gdcomp.o
LOAD build/obj/stm32f30x_rcc.o
LOAD build/obj/stm32f30x_gpio.o
LOAD build/obj/main.o
START GROUP
LOAD c:/develop/genist/chibistudio/tools/yagarto-tools/yagarto-20121222/bin/../lib/gcc/arm-none-eabi/4.7.2/thumb/v7m\libgcc.a
LOAD c:/develop/genist/chibistudio/tools/yagarto-tools/yagarto-20121222/bin/../lib/gcc/arm-none-eabi/4.7.2/../../../../arm-none-eabi/lib/thumb/v7m\libc.a
END GROUP
                0x00000400                __main_stack_size__ = 0x400
                0x00000400                __process_stack_size__ = 0x400
                0x20000000                __ram_start__ = ORIGIN (ram)
                0x0000a000                __ram_size__ = 0xa000
                0x2000a000                __ram_end__ = (__ram_start__ + __ram_size__)
                0x00000000                . = 0x0
                0x00000000                _text = .

startup         0x08000000      0x188
 *(vectors)
 vectors        0x08000000      0x188 build/obj/vectors.o
                0x08000000                _vectors

constructors    0x08000188        0x0
                0x08000188                PROVIDE (__init_array_start, .)
 *(SORT(.init_array.*))
 *(.init_array)
                0x08000188                PROVIDE (__init_array_end, .)

destructors     0x08000188        0x0
                0x08000188                PROVIDE (__fini_array_start, .)
 *(.fini_array)
 *(SORT(.fini_array.*))
                0x08000188                PROVIDE (__fini_array_end, .)

.text           0x08000190     0x3250
 *(.text.startup.*)
 .text.startup.main
                0x08000190       0x60 build/obj/main.o
                0x08000190                main
 *(.text)
 *(.text.*)
 .text.__late_init
                0x080001f0       0x10 build/obj/crt0.o
                0x080001f0                __late_init
 .text._default_exit
                0x08000200       0x10 build/obj/crt0.o
                0x08000200                _default_exit
 .text.ResetHandler
                0x08000210      0x120 build/obj/crt0.o
                0x08000210                ResetHandler
 .text._unhandled_exception
                0x08000330       0x10 build/obj/vectors.o
                0x08000330                Vector58
                0x08000330                VectorE8
                0x08000330                Vector9C
                0x08000330                VectorAC
                0x08000330                Vector5C
                0x08000330                NMIVector
                0x08000330                Vector11C
                0x08000330                Vector8C
                0x08000330                Vector168
                0x08000330                VectorC8
                0x08000330                Vector94
                0x08000330                VectorA8
                0x08000330                VectorB4
                0x08000330                Vector160
                0x08000330                VectorEC
                0x08000330                UsageFaultVector
                0x08000330                DebugMonitorVector
                0x08000330                Vector40
                0x08000330                VectorF8
                0x08000330                Vector108
                0x08000330                VectorBC
                0x08000330                Vector150
                0x08000330                Vector148
                0x08000330                PendSVVector
                0x08000330                Vector118
                0x08000330                Vector64
                0x08000330                VectorCC
                0x08000330                Vector54
                0x08000330                Vector98
                0x08000330                Vector138
                0x08000330                Vector24
                0x08000330                Vector178
                0x08000330                BusFaultVector
                0x08000330                VectorD0
                0x08000330                Vector140
                0x08000330                VectorE4
                0x08000330                VectorC0
                0x08000330                Vector158
                0x08000330                HardFaultVector
                0x08000330                Vector134
                0x08000330                VectorF0
                0x08000330                Vector13C
                0x08000330                Vector100
                0x08000330                VectorE0
                0x08000330                VectorF4
                0x08000330                MemManageVector
                0x08000330                VectorA0
                0x08000330                VectorC4
                0x08000330                Vector180
                0x08000330                VectorB0
                0x08000330                Vector90
                0x08000330                Vector114
                0x08000330                Vector164
                0x08000330                Vector60
                0x08000330                Vector1C
                0x08000330                Vector17C
                0x08000330                Vector48
                0x08000330                Vector16C
                0x08000330                Vector4C
                0x08000330                Vector144
                0x08000330                Vector15C
                0x08000330                Vector68
                0x08000330                _unhandled_exception
                0x08000330                Vector170
                0x08000330                Vector88
                0x08000330                Vector104
                0x08000330                Vector184
                0x08000330                Vector10C
                0x08000330                Vector14C
                0x08000330                Vector50
                0x08000330                Vector154
                0x08000330                Vector44
                0x08000330                Vector28
                0x08000330                VectorB8
                0x08000330                VectorFC
                0x08000330                Vector34
                0x08000330                VectorA4
                0x08000330                Vector20
                0x08000330                Vector174
 .text.port_halt
                0x08000340       0x10 build/obj/chcore.o
                0x08000340                port_halt
 .text._port_switch_from_isr
                0x08000350       0x10 build/obj/chcore_v7m.o
                0x08000350                _port_switch_from_isr
 .text.SVCallVector
                0x08000360       0x20 build/obj/chcore_v7m.o
                0x08000360                SVCallVector
 .text._port_init
                0x08000380       0x40 build/obj/chcore_v7m.o
                0x08000380                _port_init
 .text._port_irq_epilogue
                0x080003c0       0x80 build/obj/chcore_v7m.o
                0x080003c0                _port_irq_epilogue
 .text.SysTickVector
                0x08000440       0x30 build/obj/chcore_v7m.o
                0x08000440                SysTickVector
 .text._port_switch
                0x08000470       0x10 build/obj/chcore_v7m.o
                0x08000470                _port_switch
 .text._port_thread_start
                0x08000480       0x20 build/obj/chcore_v7m.o
                0x08000480                _port_thread_start
 .text.nvicEnableVector
                0x080004a0       0x50 build/obj/nvic.o
                0x080004a0                nvicEnableVector
 .text.nvicSetSystemHandlerPriority
                0x080004f0       0x30 build/obj/nvic.o
                0x080004f0                nvicSetSystemHandlerPriority
 .text._idle_thread
                0x08000520       0x20 build/obj/chsys.o
                0x08000520                _idle_thread
 .text.chSysInit
                0x08000540       0x80 build/obj/chsys.o
                0x08000540                chSysInit
 .text.chSysTimerHandlerI
                0x080005c0       0x70 build/obj/chsys.o
                0x080005c0                chSysTimerHandlerI
 .text.dbg_check_enable
                0x08000630       0x30 build/obj/chdebug.o
                0x08000630                dbg_check_enable
 .text.dbg_check_lock
                0x08000660       0x30 build/obj/chdebug.o
                0x08000660                dbg_check_lock
 .text.dbg_check_unlock
                0x08000690       0x40 build/obj/chdebug.o
                0x08000690                dbg_check_unlock
 .text.dbg_check_lock_from_isr
                0x080006d0       0x30 build/obj/chdebug.o
                0x080006d0                dbg_check_lock_from_isr
 .text.dbg_check_unlock_from_isr
                0x08000700       0x40 build/obj/chdebug.o
                0x08000700                dbg_check_unlock_from_isr
 .text.dbg_check_enter_isr
                0x08000740       0x40 build/obj/chdebug.o
                0x08000740                dbg_check_enter_isr
 .text.dbg_check_leave_isr
                0x08000780       0x40 build/obj/chdebug.o
                0x08000780                dbg_check_leave_isr
 .text.chDbgCheckClassI
                0x080007c0       0x30 build/obj/chdebug.o
                0x080007c0                chDbgCheckClassI
 .text.chDbgCheckClassS
                0x080007f0       0x30 build/obj/chdebug.o
                0x080007f0                chDbgCheckClassS
 .text._trace_init
                0x08000820       0x20 build/obj/chdebug.o
                0x08000820                _trace_init
 .text.dbg_trace
                0x08000840       0x40 build/obj/chdebug.o
                0x08000840                dbg_trace
 .text.chDbgPanic
                0x08000880       0x10 build/obj/chdebug.o
                0x08000880                chDbgPanic
 .text._vt_init
                0x08000890       0x20 build/obj/chvt.o
                0x08000890                _vt_init
 .text.chVTSetI
                0x080008b0       0x60 build/obj/chvt.o
                0x080008b0                chVTSetI
 .text.chVTResetI
                0x08000910       0x50 build/obj/chvt.o
                0x08000910                chVTResetI
 .text._scheduler_init
                0x08000960       0x20 build/obj/chschd.o
                0x08000960                _scheduler_init
 .text.chSchReadyI
                0x08000980       0x50 build/obj/chschd.o
                0x08000980                chSchReadyI
 .text.wakeup   0x080009d0       0x60 build/obj/chschd.o
 .text.chSchGoSleepS
                0x08000a30       0x50 build/obj/chschd.o
                0x08000a30                chSchGoSleepS
 .text.chSchGoSleepTimeoutS
                0x08000a80       0x50 build/obj/chschd.o
                0x08000a80                chSchGoSleepTimeoutS
 .text.chSchWakeupS
                0x08000ad0       0x60 build/obj/chschd.o
                0x08000ad0                chSchWakeupS
 .text.chSchDoRescheduleBehind
                0x08000b30       0x50 build/obj/chschd.o
                0x08000b30                chSchDoRescheduleBehind
 .text.chSchDoRescheduleAhead
                0x08000b80       0x60 build/obj/chschd.o
                0x08000b80                chSchDoRescheduleAhead
 .text.chSchDoReschedule
                0x08000be0       0x20 build/obj/chschd.o
                0x08000be0                chSchDoReschedule
 .text._thread_init
                0x08000c00       0x60 build/obj/chthreads.o
                0x08000c00                _thread_init
 .text.chThdCreateI
                0x08000c60       0xb0 build/obj/chthreads.o
                0x08000c60                chThdCreateI
 .text.chThdCreateStatic
                0x08000d10       0x70 build/obj/chthreads.o
                0x08000d10                chThdCreateStatic
 .text.chThdSleep
                0x08000d80       0x30 build/obj/chthreads.o
                0x08000d80                chThdSleep
 .text.chThdExitS
                0x08000db0       0x50 build/obj/chthreads.o
                0x08000db0                chThdExitS
 .text.chThdExit
                0x08000e00       0x20 build/obj/chthreads.o
                0x08000e00                chThdExit
 .text.chMtxInit
                0x08000e20       0x20 build/obj/chmtx.o
                0x08000e20                chMtxInit
 .text.chMtxLockS
                0x08000e40      0x100 build/obj/chmtx.o
                0x08000e40                chMtxLockS
 .text.chMtxLock
                0x08000f40       0x20 build/obj/chmtx.o
                0x08000f40                chMtxLock
 .text.chMtxUnlock
                0x08000f60       0x90 build/obj/chmtx.o
                0x08000f60                chMtxUnlock
 .text.chEvtSignalI
                0x08000ff0       0x50 build/obj/chevents.o
                0x08000ff0                chEvtSignalI
 .text.chEvtBroadcastFlagsI
                0x08001040       0x40 build/obj/chevents.o
                0x08001040                chEvtBroadcastFlagsI
 .text.qwait    0x08001080       0x30 build/obj/chqueues.o
 .text.chIQInit
                0x080010b0       0x20 build/obj/chqueues.o
                0x080010b0                chIQInit
 .text.chIQPutI
                0x080010d0       0x60 build/obj/chqueues.o
                0x080010d0                chIQPutI
 .text.chIQGetTimeout
                0x08001130       0x60 build/obj/chqueues.o
                0x08001130                chIQGetTimeout
 .text.chIQReadTimeout
                0x08001190       0xa0 build/obj/chqueues.o
                0x08001190                chIQReadTimeout
 .text.chOQInit
                0x08001230       0x20 build/obj/chqueues.o
                0x08001230                chOQInit
 .text.chOQPutTimeout
                0x08001250       0x70 build/obj/chqueues.o
                0x08001250                chOQPutTimeout
 .text.chOQGetI
                0x080012c0       0x50 build/obj/chqueues.o
                0x080012c0                chOQGetI
 .text.chOQWriteTimeout
                0x08001310       0xa0 build/obj/chqueues.o
                0x08001310                chOQWriteTimeout
 .text._core_init
                0x080013b0       0x30 build/obj/chmemcore.o
                0x080013b0                _core_init
 .text.chCoreAllocI
                0x080013e0       0x30 build/obj/chmemcore.o
                0x080013e0                chCoreAllocI
 .text.chCoreAlloc
                0x08001410       0x30 build/obj/chmemcore.o
                0x08001410                chCoreAlloc
 .text._heap_init
                0x08001440       0x20 build/obj/chheap.o
                0x08001440                _heap_init
 .text.halInit  0x08001460       0x30 build/obj/hal.o
                0x08001460                halInit
 .text.readt    0x08001490       0x10 build/obj/serial.o
 .text.read     0x080014a0       0x10 build/obj/serial.o
 .text.writet   0x080014b0       0x10 build/obj/serial.o
 .text.write    0x080014c0       0x10 build/obj/serial.o
 .text.gett     0x080014d0       0x10 build/obj/serial.o
 .text.get      0x080014e0       0x10 build/obj/serial.o
 .text.putt     0x080014f0       0x10 build/obj/serial.o
 .text.put      0x08001500       0x10 build/obj/serial.o
 .text.sdInit   0x08001510       0x10 build/obj/serial.o
                0x08001510                sdInit
 .text.sdObjectInit
                0x08001520       0x50 build/obj/serial.o
                0x08001520                sdObjectInit
 .text.sdIncomingDataI
                0x08001570       0x50 build/obj/serial.o
                0x08001570                sdIncomingDataI
 .text.spiInit  0x080015c0       0x10 build/obj/spi.o
                0x080015c0                spiInit
 .text.spiObjectInit
                0x080015d0       0x10 build/obj/spi.o
                0x080015d0                spiObjectInit
 .text.spiStart
                0x080015e0       0x50 build/obj/spi.o
                0x080015e0                spiStart
 .text.spiSelect
                0x08001630       0x40 build/obj/spi.o
                0x08001630                spiSelect
 .text.spiUnselect
                0x08001670       0x40 build/obj/spi.o
                0x08001670                spiUnselect
 .text.spiExchange
                0x080016b0       0x90 build/obj/spi.o
                0x080016b0                spiExchange
 .text.spiAcquireBus
                0x08001740       0x20 build/obj/spi.o
                0x08001740                spiAcquireBus
 .text.spiReleaseBus
                0x08001760       0x20 build/obj/spi.o
                0x08001760                spiReleaseBus
 .text.tm_start
                0x08001780       0x10 build/obj/tm.o
 .text.tm_stop  0x08001790       0x40 build/obj/tm.o
 .text.tmInit   0x080017d0       0x50 build/obj/tm.o
                0x080017d0                tmInit
 .text.Vector6C
                0x08001820       0x30 build/obj/stm32_dma.o
                0x08001820                Vector6C
 .text.Vector70
                0x08001850       0x30 build/obj/stm32_dma.o
                0x08001850                Vector70
 .text.Vector74
                0x08001880       0x40 build/obj/stm32_dma.o
                0x08001880                Vector74
 .text.Vector78
                0x080018c0       0x40 build/obj/stm32_dma.o
                0x080018c0                Vector78
 .text.Vector7C
                0x08001900       0x40 build/obj/stm32_dma.o
                0x08001900                Vector7C
 .text.Vector80
                0x08001940       0x40 build/obj/stm32_dma.o
                0x08001940                Vector80
 .text.Vector84
                0x08001980       0x40 build/obj/stm32_dma.o
                0x08001980                Vector84
 .text.Vector120
                0x080019c0       0x40 build/obj/stm32_dma.o
                0x080019c0                Vector120
 .text.Vector124
                0x08001a00       0x40 build/obj/stm32_dma.o
                0x08001a00                Vector124
 .text.Vector128
                0x08001a40       0x40 build/obj/stm32_dma.o
                0x08001a40                Vector128
 .text.Vector12C
                0x08001a80       0x40 build/obj/stm32_dma.o
                0x08001a80                Vector12C
 .text.Vector130
                0x08001ac0       0x40 build/obj/stm32_dma.o
                0x08001ac0                Vector130
 .text.dmaInit  0x08001b00       0x50 build/obj/stm32_dma.o
                0x08001b00                dmaInit
 .text.dmaStreamAllocate
                0x08001b50       0xb0 build/obj/stm32_dma.o
                0x08001b50                dmaStreamAllocate
 .text.hal_lld_init
                0x08001c00       0xd0 build/obj/hal_lld.o
                0x08001c00                hal_lld_init
 .text.stm32_clock_init
                0x08001cd0       0xc0 build/obj/hal_lld.o
                0x08001cd0                stm32_clock_init
 .text._pal_lld_init
                0x08001d90      0x100 build/obj/pal_lld.o
                0x08001d90                _pal_lld_init
 .text._pal_lld_setgroupmode
                0x08001e90       0xd0 build/obj/pal_lld.o
                0x08001e90                _pal_lld_setgroupmode
 .text.spi_lld_serve_tx_interrupt
                0x08001f60       0x10 build/obj/spi_lld.o
 .text.spi_lld_serve_rx_interrupt
                0x08001f70       0x80 build/obj/spi_lld.o
 .text.spi_lld_init
                0x08001ff0       0xb0 build/obj/spi_lld.o
                0x08001ff0                spi_lld_init
 .text.spi_lld_start
                0x080020a0      0x170 build/obj/spi_lld.o
                0x080020a0                spi_lld_start
 .text.spi_lld_select
                0x08002210       0x20 build/obj/spi_lld.o
                0x08002210                spi_lld_select
 .text.spi_lld_unselect
                0x08002230       0x20 build/obj/spi_lld.o
                0x08002230                spi_lld_unselect
 .text.spi_lld_exchange
                0x08002250       0x40 build/obj/spi_lld.o
                0x08002250                spi_lld_exchange
 .text.notify1  0x08002290       0x20 build/obj/serial_lld.o
 .text.notify2  0x080022b0       0x20 build/obj/serial_lld.o
 .text.notify3  0x080022d0       0x20 build/obj/serial_lld.o
 .text.notify4  0x080022f0       0x20 build/obj/serial_lld.o
 .text.serve_interrupt
                0x08002310      0x110 build/obj/serial_lld.o
 .text.VectorD4
                0x08002420       0x20 build/obj/serial_lld.o
                0x08002420                VectorD4
 .text.VectorD8
                0x08002440       0x20 build/obj/serial_lld.o
                0x08002440                VectorD8
 .text.VectorDC
                0x08002460       0x20 build/obj/serial_lld.o
                0x08002460                VectorDC
 .text.Vector110
                0x08002480       0x20 build/obj/serial_lld.o
                0x08002480                Vector110
 .text.sd_lld_init
                0x080024a0       0xa0 build/obj/serial_lld.o
                0x080024a0                sd_lld_init
 .text.__early_init
                0x08002540       0x10 build/obj/board.o
                0x08002540                __early_init
 .text.boardInit
                0x08002550       0x10 build/obj/board.o
                0x08002550                boardInit
 .text.L3GD20_SendByte
                0x08002560       0x50 build/obj/l3gdcomp.o
 .text.L3GD20_Read
                0x080025b0       0x60 build/obj/l3gdcomp.o
                0x080025b0                L3GD20_Read
 .text.SPI_Init_A
                0x08002610       0xc0 build/obj/l3gdcomp.o
                0x08002610                SPI_Init_A
 .text.L3GD20_Write
                0x080026d0       0x60 build/obj/l3gdcomp.o
                0x080026d0                L3GD20_Write
 .text.L3GD20_Init
                0x08002730      0x190 build/obj/l3gdcomp.o
                0x08002730                L3GD20_Init
 .text.spi_thread_2
                0x080028c0       0x30 build/obj/main.o
 .text.searching_led_position
                0x080028f0       0x50 build/obj/main.o
                0x080028f0                searching_led_position
 .text.checking_coord
                0x08002940       0xb0 build/obj/main.o
                0x08002940                checking_coord
 .text._l3gd_register_setting
                0x080029f0       0x50 build/obj/main.o
                0x080029f0                _l3gd_register_setting
 .text.spi_thread_1
                0x08002a40      0x1b0 build/obj/main.o
 *(.rodata)
 *(.rodata.*)
 .rodata.str1.4
                0x08002bf0        0x5 build/obj/chsys.o
                                  0x8 (size before relaxing)
 *fill*         0x08002bf5        0xb 
 .rodata.str1.4
                0x08002c00       0x56 build/obj/chdebug.o
                                 0x58 (size before relaxing)
 *fill*         0x08002c56        0xa 
 .rodata.str1.4
                0x08002c60       0x31 build/obj/chvt.o
                                 0x34 (size before relaxing)
 *fill*         0x08002c91        0xf 
 .rodata.str1.4
                0x08002ca0       0x23 build/obj/chschd.o
                                 0x24 (size before relaxing)
 *fill*         0x08002cc3        0xd 
 .rodata.str1.4
                0x08002cd0       0x94 build/obj/chthreads.o
 *fill*         0x08002d64        0xc 
 .rodata.ch_debug
                0x08002d70       0x18 build/obj/chregistry.o
                0x08002d70                ch_debug
 *fill*         0x08002d88        0x8 
 .rodata.str1.4
                0x08002d90       0xab build/obj/chmtx.o
                                 0xac (size before relaxing)
 *fill*         0x08002e3b        0x5 
 .rodata.str1.4
                0x08002e40       0x90 build/obj/chevents.o
 .rodata.str1.4
                0x08002ed0       0x29 build/obj/chqueues.o
                                 0x2c (size before relaxing)
 *fill*         0x08002ef9        0x7 
 .rodata.str1.4
                0x08002f00       0x5f build/obj/serial.o
                                 0x60 (size before relaxing)
 *fill*         0x08002f5f        0x1 
 .rodata.vmt    0x08002f60       0x20 build/obj/serial.o
 .rodata.str1.4
                0x08002f80      0x236 build/obj/spi.o
                                0x238 (size before relaxing)
 *fill*         0x080031b6        0xa 
 .rodata.str1.4
                0x080031c0       0x31 build/obj/stm32_dma.o
                                 0x34 (size before relaxing)
 *fill*         0x080031f1        0xf 
 .rodata._stm32_dma_streams
                0x08003200       0x90 build/obj/stm32_dma.o
                0x08003200                _stm32_dma_streams
 .rodata.str1.4
                0x08003290       0x78 build/obj/spi_lld.o
 *fill*         0x08003308        0x8 
 .rodata.pal_default_config
                0x08003310       0xa8 build/obj/board.o
                0x08003310                pal_default_config
 *fill*         0x080033b8        0x8 
 .rodata.str1.4
                0x080033c0       0x20 build/obj/main.o
 *(.glue_7t)
 .glue_7t       0x00000000        0x0 linker stubs
 *(.glue_7)
 .glue_7        0x00000000        0x0 linker stubs
 *(.gcc*)

.vfp11_veneer   0x080033e0        0x0
 .vfp11_veneer  0x00000000        0x0 linker stubs

.v4_bx          0x080033e0        0x0
 .v4_bx         0x00000000        0x0 linker stubs

.iplt           0x080033e0        0x0
 .iplt          0x00000000        0x0 build/obj/crt0.o

.rel.dyn        0x080033e0        0x0
 .rel.iplt      0x00000000        0x0 build/obj/crt0.o

.ARM.extab
 *(.ARM.extab* .gnu.linkonce.armextab.*)

.ARM.exidx      0x080033e0        0x0
                0x080033e0                PROVIDE (__exidx_start, .)
 *(.ARM.exidx* .gnu.linkonce.armexidx.*)
                0x080033e0                PROVIDE (__exidx_end, .)

.eh_frame_hdr
 *(.eh_frame_hdr)

.eh_frame
 *(.eh_frame)

.textalign      0x080033e0        0x0
                0x080033e0                . = ALIGN (0x8)
                0x080033e0                _etext = .
                0x080033e0                _textdata = _etext

.stacks         0x20000000      0x800
                0x20000000                . = ALIGN (0x8)
                0x20000000                __main_stack_base__ = .
                0x20000400                . = (. + __main_stack_size__)
 *fill*         0x20000000      0x400 
                0x20000400                . = ALIGN (0x8)
                0x20000400                __main_stack_end__ = .
                0x20000400                __process_stack_base__ = .
                0x20000400                __main_thread_stack_base__ = .
                0x20000800                . = (. + __process_stack_size__)
 *fill*         0x20000400      0x400 
                0x20000800                . = ALIGN (0x8)
                0x20000800                __process_stack_end__ = .
                0x20000800                __main_thread_stack_end__ = .

.data           0x20000800       0x20 load address 0x080033e0
                0x20000800                . = ALIGN (0x4)
                0x20000800                PROVIDE (_data, .)
 *(.data)
                0x20000800                . = ALIGN (0x4)
 *(.data.*)
 .data.L3GD20Timeout
                0x20000800        0x4 build/obj/l3gdcomp.o
                0x20000800                L3GD20Timeout
 .data.cur_pos.6469
                0x20000804        0x1 build/obj/main.o
 *fill*         0x20000805        0x3 
 .data.gRegTable
                0x20000808       0x18 build/obj/main.o
                0x20000820                . = ALIGN (0x4)
 *(.ramtext)
                0x20000820                . = ALIGN (0x4)
                0x20000820                PROVIDE (_edata, .)

.igot.plt       0x20000820        0x0 load address 0x08003400
 .igot.plt      0x00000000        0x0 build/obj/crt0.o

.bss            0x20000820      0xbf8 load address 0x08003400
                0x20000820                . = ALIGN (0x4)
                0x20000820                PROVIDE (_bss_start, .)
 *(.bss)
                0x20000820                . = ALIGN (0x4)
 *(.bss.*)
 .bss.mainthread.4820
                0x20000820       0x4c build/obj/chsys.o
 *fill*         0x2000086c        0x4 
 .bss._idle_thread_wa
                0x20000870       0xc0 build/obj/chsys.o
                0x20000870                _idle_thread_wa
 .bss.dbg_isr_cnt
                0x20000930        0x4 build/obj/chdebug.o
                0x20000930                dbg_isr_cnt
 .bss.dbg_trace_buffer
                0x20000934      0x408 build/obj/chdebug.o
                0x20000934                dbg_trace_buffer
 .bss.dbg_lock_cnt
                0x20000d3c        0x4 build/obj/chdebug.o
                0x20000d3c                dbg_lock_cnt
 .bss.dbg_panic_msg
                0x20000d40        0x4 build/obj/chdebug.o
                0x20000d40                dbg_panic_msg
 .bss.vtlist    0x20000d44       0x10 build/obj/chvt.o
                0x20000d44                vtlist
 .bss.rlist     0x20000d54       0x1c build/obj/chschd.o
                0x20000d54                rlist
 .bss.endmem    0x20000d70        0x4 build/obj/chmemcore.o
 .bss.nextmem   0x20000d74        0x4 build/obj/chmemcore.o
 .bss.default_heap
                0x20000d78       0x20 build/obj/chheap.o
 .bss.measurement_offset
                0x20000d98        0x4 build/obj/tm.o
 .bss.dma_isr_redir
                0x20000d9c       0x60 build/obj/stm32_dma.o
 .bss.dma_streams_mask
                0x20000dfc        0x4 build/obj/stm32_dma.o
 .bss.dummytx   0x20000e00        0x2 build/obj/spi_lld.o
 *fill*         0x20000e02        0x2 
 .bss.SPID1     0x20000e04       0x30 build/obj/spi_lld.o
                0x20000e04                SPID1
 .bss.SPID2     0x20000e34       0x30 build/obj/spi_lld.o
                0x20000e34                SPID2
 .bss.SPID3     0x20000e64       0x30 build/obj/spi_lld.o
                0x20000e64                SPID3
 .bss.SD1       0x20000e94       0x7c build/obj/serial_lld.o
                0x20000e94                SD1
 .bss.SD2       0x20000f10       0x7c build/obj/serial_lld.o
                0x20000f10                SD2
 .bss.SD3       0x20000f8c       0x7c build/obj/serial_lld.o
                0x20000f8c                SD3
 .bss.SD4       0x20001008       0x7c build/obj/serial_lld.o
                0x20001008                SD4
 .bss.llx       0x20001084        0x1 build/obj/main.o
                0x20001084                llx
 .bss.lly       0x20001085        0x1 build/obj/main.o
                0x20001085                lly
 *fill*         0x20001086        0x2 
 .bss.spi_thread_1_wa
                0x20001088      0x1b0 build/obj/main.o
 .bss.OUT_Y_H   0x20001238        0x1 build/obj/main.o
                0x20001238                OUT_Y_H
 .bss.OUT_Z_H   0x20001239        0x1 build/obj/main.o
                0x20001239                OUT_Z_H
 *fill*         0x2000123a        0x6 
 .bss.spi_thread_2_wa
                0x20001240      0x1b0 build/obj/main.o
 .bss.OUT_Z_L   0x200013f0        0x1 build/obj/main.o
                0x200013f0                OUT_Z_L
 .bss.addr.6502
                0x200013f1        0x1 build/obj/main.o
 .bss.WHO_AM_I  0x200013f2        0x1 build/obj/main.o
                0x200013f2                WHO_AM_I
 .bss.lhx       0x200013f3        0x1 build/obj/main.o
                0x200013f3                lhx
 .bss.llz       0x200013f4        0x1 build/obj/main.o
                0x200013f4                llz
 *fill*         0x200013f5        0x1 
 .bss.gY        0x200013f6        0x2 build/obj/main.o
                0x200013f6                gY
 .bss.gX        0x200013f8        0x2 build/obj/main.o
                0x200013f8                gX
 .bss.OUT_X_L   0x200013fa        0x1 build/obj/main.o
                0x200013fa                OUT_X_L
 *fill*         0x200013fb        0x1 
 .bss.gZ        0x200013fc        0x2 build/obj/main.o
                0x200013fc                gZ
 .bss.OUT_Y_L   0x200013fe        0x1 build/obj/main.o
                0x200013fe                OUT_Y_L
 .bss.lhy       0x200013ff        0x1 build/obj/main.o
                0x200013ff                lhy
 .bss.lhz       0x20001400        0x1 build/obj/main.o
                0x20001400                lhz
 .bss.prev_pos.6470
                0x20001401        0x1 build/obj/main.o
 *fill*         0x20001402        0x2 
 .bss.gSpiConfig
                0x20001404       0x10 build/obj/main.o
                0x20001404                gSpiConfig
 .bss.OUT_X_H   0x20001414        0x1 build/obj/main.o
                0x20001414                OUT_X_H
                0x20001418                . = ALIGN (0x4)
 *fill*         0x20001415        0x3 
 *(COMMON)
                0x20001418                . = ALIGN (0x4)
                0x20001418                PROVIDE (_bss_end, .)
                0x20001418                PROVIDE (end, .)
                0x20001418                _end = .
                0x20001418                __heap_base__ = _end
                0x2000a000                __heap_end__ = __ram_end__
OUTPUT(build/ch.elf elf32-littlearm)

.debug_info     0x00000000    0x10bcd
 .debug_info    0x00000000      0x2a8 build/obj/crt0.o
 .debug_info    0x000002a8      0x1f0 build/obj/vectors.o
 .debug_info    0x00000498       0x9a build/obj/chcore.o
 .debug_info    0x00000532      0x946 build/obj/chcore_v7m.o
 .debug_info    0x00000e78      0x455 build/obj/nvic.o
 .debug_info    0x000012cd      0x94a build/obj/chsys.o
 .debug_info    0x00001c17      0x9f3 build/obj/chdebug.o
 .debug_info    0x0000260a      0x2ea build/obj/chvt.o
 .debug_info    0x000028f4      0xb87 build/obj/chschd.o
 .debug_info    0x0000347b      0xec2 build/obj/chthreads.o
 .debug_info    0x0000433d      0x721 build/obj/chregistry.o
 .debug_info    0x00004a5e      0xbba build/obj/chmtx.o
 .debug_info    0x00005618     0x108d build/obj/chevents.o
 .debug_info    0x000066a5      0xdbd build/obj/chqueues.o
 .debug_info    0x00007462      0x23b build/obj/chmemcore.o
 .debug_info    0x0000769d      0x7a0 build/obj/chheap.o
 .debug_info    0x00007e3d      0x3c7 build/obj/hal.o
 .debug_info    0x00008204     0x1211 build/obj/serial.o
 .debug_info    0x00009415     0x1647 build/obj/spi.o
 .debug_info    0x0000aa5c      0x2f3 build/obj/tm.o
 .debug_info    0x0000ad4f      0x9d3 build/obj/stm32_dma.o
 .debug_info    0x0000b722      0x461 build/obj/hal_lld.o
 .debug_info    0x0000bb83      0x5aa build/obj/pal_lld.o
 .debug_info    0x0000c12d      0xfcc build/obj/spi_lld.o
 .debug_info    0x0000d0f9     0x1257 build/obj/serial_lld.o
 .debug_info    0x0000e350      0x1e8 build/obj/board.o
 .debug_info    0x0000e538     0x15b4 build/obj/l3gdcomp.o
 .debug_info    0x0000faec     0x10e1 build/obj/main.o

.debug_abbrev   0x00000000     0x3c4e
 .debug_abbrev  0x00000000       0xdc build/obj/crt0.o
 .debug_abbrev  0x000000dc       0xb1 build/obj/vectors.o
 .debug_abbrev  0x0000018d       0x44 build/obj/chcore.o
 .debug_abbrev  0x000001d1      0x1d5 build/obj/chcore_v7m.o
 .debug_abbrev  0x000003a6       0xf2 build/obj/nvic.o
 .debug_abbrev  0x00000498      0x1ff build/obj/chsys.o
 .debug_abbrev  0x00000697      0x246 build/obj/chdebug.o
 .debug_abbrev  0x000008dd      0x18d build/obj/chvt.o
 .debug_abbrev  0x00000a6a      0x32e build/obj/chschd.o
 .debug_abbrev  0x00000d98      0x37a build/obj/chthreads.o
 .debug_abbrev  0x00001112      0x1bc build/obj/chregistry.o
 .debug_abbrev  0x000012ce      0x2d3 build/obj/chmtx.o
 .debug_abbrev  0x000015a1      0x30b build/obj/chevents.o
 .debug_abbrev  0x000018ac      0x35f build/obj/chqueues.o
 .debug_abbrev  0x00001c0b      0x12e build/obj/chmemcore.o
 .debug_abbrev  0x00001d39      0x21b build/obj/chheap.o
 .debug_abbrev  0x00001f54      0x1b4 build/obj/hal.o
 .debug_abbrev  0x00002108      0x2dc build/obj/serial.o
 .debug_abbrev  0x000023e4      0x2c2 build/obj/spi.o
 .debug_abbrev  0x000026a6      0x19c build/obj/tm.o
 .debug_abbrev  0x00002842      0x252 build/obj/stm32_dma.o
 .debug_abbrev  0x00002a94      0x12a build/obj/hal_lld.o
 .debug_abbrev  0x00002bbe      0x1b4 build/obj/pal_lld.o
 .debug_abbrev  0x00002d72      0x366 build/obj/spi_lld.o
 .debug_abbrev  0x000030d8      0x379 build/obj/serial_lld.o
 .debug_abbrev  0x00003451       0xe5 build/obj/board.o
 .debug_abbrev  0x00003536      0x3bf build/obj/l3gdcomp.o
 .debug_abbrev  0x000038f5      0x359 build/obj/main.o

.debug_aranges  0x00000000      0x940
 .debug_aranges
                0x00000000       0x38 build/obj/crt0.o
 .debug_aranges
                0x00000038       0x20 build/obj/vectors.o
 .debug_aranges
                0x00000058       0x20 build/obj/chcore.o
 .debug_aranges
                0x00000078       0x50 build/obj/chcore_v7m.o
 .debug_aranges
                0x000000c8       0x30 build/obj/nvic.o
 .debug_aranges
                0x000000f8       0x30 build/obj/chsys.o
 .debug_aranges
                0x00000128       0x88 build/obj/chdebug.o
 .debug_aranges
                0x000001b0       0x38 build/obj/chvt.o
 .debug_aranges
                0x000001e8       0x68 build/obj/chschd.o
 .debug_aranges
                0x00000250       0x80 build/obj/chthreads.o
 .debug_aranges
                0x000002d0       0x28 build/obj/chregistry.o
 .debug_aranges
                0x000002f8       0x58 build/obj/chmtx.o
 .debug_aranges
                0x00000350       0xa0 build/obj/chevents.o
 .debug_aranges
                0x000003f0       0x70 build/obj/chqueues.o
 .debug_aranges
                0x00000460       0x38 build/obj/chmemcore.o
 .debug_aranges
                0x00000498       0x40 build/obj/chheap.o
 .debug_aranges
                0x000004d8       0x30 build/obj/hal.o
 .debug_aranges
                0x00000508       0x88 build/obj/serial.o
 .debug_aranges
                0x00000590       0x98 build/obj/spi.o
 .debug_aranges
                0x00000628       0x38 build/obj/tm.o
 .debug_aranges
                0x00000660       0x90 build/obj/stm32_dma.o
 .debug_aranges
                0x000006f0       0x28 build/obj/hal_lld.o
 .debug_aranges
                0x00000718       0x28 build/obj/pal_lld.o
 .debug_aranges
                0x00000740       0x78 build/obj/spi_lld.o
 .debug_aranges
                0x000007b8       0x78 build/obj/serial_lld.o
 .debug_aranges
                0x00000830       0x28 build/obj/board.o
 .debug_aranges
                0x00000858       0x98 build/obj/l3gdcomp.o
 .debug_aranges
                0x000008f0       0x50 build/obj/main.o

.debug_ranges   0x00000000     0x1038
 .debug_ranges  0x00000000       0xe0 build/obj/crt0.o
 .debug_ranges  0x000000e0       0x10 build/obj/vectors.o
 .debug_ranges  0x000000f0       0x10 build/obj/chcore.o
 .debug_ranges  0x00000100       0x58 build/obj/chcore_v7m.o
 .debug_ranges  0x00000158       0x20 build/obj/nvic.o
 .debug_ranges  0x00000178       0x20 build/obj/chsys.o
 .debug_ranges  0x00000198       0xf0 build/obj/chdebug.o
 .debug_ranges  0x00000288       0x28 build/obj/chvt.o
 .debug_ranges  0x000002b0      0x1d8 build/obj/chschd.o
 .debug_ranges  0x00000488      0x110 build/obj/chthreads.o
 .debug_ranges  0x00000598       0x18 build/obj/chregistry.o
 .debug_ranges  0x000005b0      0x230 build/obj/chmtx.o
 .debug_ranges  0x000007e0       0xd8 build/obj/chevents.o
 .debug_ranges  0x000008b8       0xc0 build/obj/chqueues.o
 .debug_ranges  0x00000978       0x40 build/obj/chmemcore.o
 .debug_ranges  0x000009b8       0x30 build/obj/chheap.o
 .debug_ranges  0x000009e8       0x60 build/obj/hal.o
 .debug_ranges  0x00000a48       0x78 build/obj/serial.o
 .debug_ranges  0x00000ac0       0x88 build/obj/spi.o
 .debug_ranges  0x00000b48       0x80 build/obj/tm.o
 .debug_ranges  0x00000bc8       0x80 build/obj/stm32_dma.o
 .debug_ranges  0x00000c48       0x30 build/obj/hal_lld.o
 .debug_ranges  0x00000c78       0xf8 build/obj/pal_lld.o
 .debug_ranges  0x00000d70       0xb0 build/obj/spi_lld.o
 .debug_ranges  0x00000e20       0x68 build/obj/serial_lld.o
 .debug_ranges  0x00000e88       0x18 build/obj/board.o
 .debug_ranges  0x00000ea0      0x158 build/obj/l3gdcomp.o
 .debug_ranges  0x00000ff8       0x40 build/obj/main.o

.debug_line     0x00000000     0x50b3
 .debug_line    0x00000000      0x14e build/obj/crt0.o
 .debug_line    0x0000014e       0xd8 build/obj/vectors.o
 .debug_line    0x00000226       0x56 build/obj/chcore.o
 .debug_line    0x0000027c      0x220 build/obj/chcore_v7m.o
 .debug_line    0x0000049c      0x117 build/obj/nvic.o
 .debug_line    0x000005b3      0x24d build/obj/chsys.o
 .debug_line    0x00000800      0x31c build/obj/chdebug.o
 .debug_line    0x00000b1c      0x19f build/obj/chvt.o
 .debug_line    0x00000cbb      0x365 build/obj/chschd.o
 .debug_line    0x00001020      0x3f6 build/obj/chthreads.o
 .debug_line    0x00001416      0x21f build/obj/chregistry.o
 .debug_line    0x00001635      0x3a4 build/obj/chmtx.o
 .debug_line    0x000019d9      0x373 build/obj/chevents.o
 .debug_line    0x00001d4c      0x3f9 build/obj/chqueues.o
 .debug_line    0x00002145      0x1b3 build/obj/chmemcore.o
 .debug_line    0x000022f8      0x2de build/obj/chheap.o
 .debug_line    0x000025d6      0x280 build/obj/hal.o
 .debug_line    0x00002856      0x3f9 build/obj/serial.o
 .debug_line    0x00002c4f      0x570 build/obj/spi.o
 .debug_line    0x000031bf      0x1e8 build/obj/tm.o
 .debug_line    0x000033a7      0x388 build/obj/stm32_dma.o
 .debug_line    0x0000372f      0x1dd build/obj/hal_lld.o
 .debug_line    0x0000390c      0x1da build/obj/pal_lld.o
 .debug_line    0x00003ae6      0x4b1 build/obj/spi_lld.o
 .debug_line    0x00003f97      0x461 build/obj/serial_lld.o
 .debug_line    0x000043f8      0x186 build/obj/board.o
 .debug_line    0x0000457e      0x652 build/obj/l3gdcomp.o
 .debug_line    0x00004bd0      0x4e3 build/obj/main.o

.debug_str      0x00000000     0x269b
 .debug_str     0x00000000      0x1e7 build/obj/crt0.o
                                0x21b (size before relaxing)
 .debug_str     0x000001e7      0x148 build/obj/vectors.o
                                0x246 (size before relaxing)
 .debug_str     0x0000032f       0x30 build/obj/chcore.o
                                0x119 (size before relaxing)
 .debug_str     0x0000035f      0x377 build/obj/chcore_v7m.o
                                0x487 (size before relaxing)
 .debug_str     0x000006d6       0xa1 build/obj/nvic.o
                                0x218 (size before relaxing)
 .debug_str     0x00000777      0x23d build/obj/chsys.o
                                0x54c (size before relaxing)
 .debug_str     0x000009b4       0xfe build/obj/chdebug.o
                                0x4c3 (size before relaxing)
 .debug_str     0x00000ab2       0x4f build/obj/chvt.o
                                0x1d1 (size before relaxing)
 .debug_str     0x00000b01       0xd8 build/obj/chschd.o
                                0x483 (size before relaxing)
 .debug_str     0x00000bd9       0xf2 build/obj/chthreads.o
                                0x4dd (size before relaxing)
 .debug_str     0x00000ccb       0x45 build/obj/chregistry.o
                                0x433 (size before relaxing)
 .debug_str     0x00000d10       0x8d build/obj/chmtx.o
                                0x3db (size before relaxing)
 .debug_str     0x00000d9d      0x1bc build/obj/chevents.o
                                0x4ff (size before relaxing)
 .debug_str     0x00000f59      0x129 build/obj/chqueues.o
                                0x466 (size before relaxing)
 .debug_str     0x00001082       0x73 build/obj/chmemcore.o
                                0x1b5 (size before relaxing)
 .debug_str     0x000010f5       0xb6 build/obj/chheap.o
                                0x37a (size before relaxing)
 .debug_str     0x000011ab      0x163 build/obj/hal.o
                                0x272 (size before relaxing)
 .debug_str     0x0000130e      0x181 build/obj/serial.o
                                0x5e2 (size before relaxing)
 .debug_str     0x0000148f      0x2f0 build/obj/spi.o
                                0x67e (size before relaxing)
 .debug_str     0x0000177f       0x6a build/obj/tm.o
                                0x1d5 (size before relaxing)
 .debug_str     0x000017e9      0x5c7 build/obj/stm32_dma.o
                                0x7bd (size before relaxing)
 .debug_str     0x00001db0       0xde build/obj/hal_lld.o
                                0x2a2 (size before relaxing)
 .debug_str     0x00001e8e       0xbf build/obj/pal_lld.o
                                0x2ba (size before relaxing)
 .debug_str     0x00001f4d       0xa6 build/obj/spi_lld.o
                                0x6c6 (size before relaxing)
 .debug_str     0x00001ff3       0xac build/obj/serial_lld.o
                                0x65d (size before relaxing)
 .debug_str     0x0000209f       0x2d build/obj/board.o
                                0x1db (size before relaxing)
 .debug_str     0x000020cc      0x4af build/obj/l3gdcomp.o
                                0x9d0 (size before relaxing)
 .debug_str     0x0000257b      0x120 build/obj/main.o
                                0x6a2 (size before relaxing)

.comment        0x00000000       0x11
 .comment       0x00000000       0x11 build/obj/crt0.o
                                 0x12 (size before relaxing)
 .comment       0x00000000       0x12 build/obj/vectors.o
 .comment       0x00000000       0x12 build/obj/chcore.o
 .comment       0x00000000       0x12 build/obj/chcore_v7m.o
 .comment       0x00000000       0x12 build/obj/nvic.o
 .comment       0x00000000       0x12 build/obj/chsys.o
 .comment       0x00000000       0x12 build/obj/chdebug.o
 .comment       0x00000000       0x12 build/obj/chvt.o
 .comment       0x00000000       0x12 build/obj/chschd.o
 .comment       0x00000000       0x12 build/obj/chthreads.o
 .comment       0x00000000       0x12 build/obj/chregistry.o
 .comment       0x00000000       0x12 build/obj/chmtx.o
 .comment       0x00000000       0x12 build/obj/chevents.o
 .comment       0x00000000       0x12 build/obj/chqueues.o
 .comment       0x00000000       0x12 build/obj/chmemcore.o
 .comment       0x00000000       0x12 build/obj/chheap.o
 .comment       0x00000000       0x12 build/obj/hal.o
 .comment       0x00000000       0x12 build/obj/serial.o
 .comment       0x00000000       0x12 build/obj/spi.o
 .comment       0x00000000       0x12 build/obj/tm.o
 .comment       0x00000000       0x12 build/obj/stm32_dma.o
 .comment       0x00000000       0x12 build/obj/hal_lld.o
 .comment       0x00000000       0x12 build/obj/pal_lld.o
 .comment       0x00000000       0x12 build/obj/spi_lld.o
 .comment       0x00000000       0x12 build/obj/serial_lld.o
 .comment       0x00000000       0x12 build/obj/board.o
 .comment       0x00000000       0x12 build/obj/l3gdcomp.o
 .comment       0x00000000       0x12 build/obj/main.o

.ARM.attributes
                0x00000000       0x33
 .ARM.attributes
                0x00000000       0x33 build/obj/crt0.o
 .ARM.attributes
                0x00000033       0x33 build/obj/vectors.o
 .ARM.attributes
                0x00000066       0x33 build/obj/chcore.o
 .ARM.attributes
                0x00000099       0x33 build/obj/chcore_v7m.o
 .ARM.attributes
                0x000000cc       0x33 build/obj/nvic.o
 .ARM.attributes
                0x000000ff       0x33 build/obj/chsys.o
 .ARM.attributes
                0x00000132       0x33 build/obj/chdebug.o
 .ARM.attributes
                0x00000165       0x33 build/obj/chvt.o
 .ARM.attributes
                0x00000198       0x33 build/obj/chschd.o
 .ARM.attributes
                0x000001cb       0x33 build/obj/chthreads.o
 .ARM.attributes
                0x000001fe       0x33 build/obj/chregistry.o
 .ARM.attributes
                0x00000231       0x33 build/obj/chmtx.o
 .ARM.attributes
                0x00000264       0x33 build/obj/chevents.o
 .ARM.attributes
                0x00000297       0x33 build/obj/chqueues.o
 .ARM.attributes
                0x000002ca       0x33 build/obj/chmemcore.o
 .ARM.attributes
                0x000002fd       0x33 build/obj/chheap.o
 .ARM.attributes
                0x00000330       0x33 build/obj/hal.o
 .ARM.attributes
                0x00000363       0x33 build/obj/serial.o
 .ARM.attributes
                0x00000396       0x33 build/obj/spi.o
 .ARM.attributes
                0x000003c9       0x33 build/obj/tm.o
 .ARM.attributes
                0x000003fc       0x33 build/obj/stm32_dma.o
 .ARM.attributes
                0x0000042f       0x33 build/obj/hal_lld.o
 .ARM.attributes
                0x00000462       0x33 build/obj/pal_lld.o
 .ARM.attributes
                0x00000495       0x33 build/obj/spi_lld.o
 .ARM.attributes
                0x000004c8       0x33 build/obj/serial_lld.o
 .ARM.attributes
                0x000004fb       0x33 build/obj/board.o
 .ARM.attributes
                0x0000052e       0x33 build/obj/l3gdcomp.o
 .ARM.attributes
                0x00000561       0x33 build/obj/main.o

.debug_frame    0x00000000     0x18a0
 .debug_frame   0x00000000       0x50 build/obj/crt0.o
 .debug_frame   0x00000050       0x20 build/obj/vectors.o
 .debug_frame   0x00000070       0x20 build/obj/chcore.o
 .debug_frame   0x00000090       0xa4 build/obj/chcore_v7m.o
 .debug_frame   0x00000134       0x64 build/obj/nvic.o
 .debug_frame   0x00000198       0x68 build/obj/chsys.o
 .debug_frame   0x00000200      0x140 build/obj/chdebug.o
 .debug_frame   0x00000340       0x74 build/obj/chvt.o
 .debug_frame   0x000003b4      0x128 build/obj/chschd.o
 .debug_frame   0x000004dc      0x1ac build/obj/chthreads.o
 .debug_frame   0x00000688       0x4c build/obj/chregistry.o
 .debug_frame   0x000006d4      0x108 build/obj/chmtx.o
 .debug_frame   0x000007dc      0x238 build/obj/chevents.o
 .debug_frame   0x00000a14      0x180 build/obj/chqueues.o
 .debug_frame   0x00000b94       0x68 build/obj/chmemcore.o
 .debug_frame   0x00000bfc       0xb0 build/obj/chheap.o
 .debug_frame   0x00000cac       0x54 build/obj/hal.o
 .debug_frame   0x00000d00      0x140 build/obj/serial.o
 .debug_frame   0x00000e40      0x1ec build/obj/spi.o
 .debug_frame   0x0000102c       0x64 build/obj/tm.o
 .debug_frame   0x00001090      0x1c4 build/obj/stm32_dma.o
 .debug_frame   0x00001254       0x40 build/obj/hal_lld.o
 .debug_frame   0x00001294       0x4c build/obj/pal_lld.o
 .debug_frame   0x000012e0      0x158 build/obj/spi_lld.o
 .debug_frame   0x00001438      0x148 build/obj/serial_lld.o
 .debug_frame   0x00001580       0x30 build/obj/board.o
 .debug_frame   0x000015b0      0x20c build/obj/l3gdcomp.o
 .debug_frame   0x000017bc       0xe4 build/obj/main.o

.debug_loc      0x00000000     0x5685
 .debug_loc     0x00000000      0x12c build/obj/chcore_v7m.o
 .debug_loc     0x0000012c      0x1ca build/obj/nvic.o
 .debug_loc     0x000002f6       0xab build/obj/chsys.o
 .debug_loc     0x000003a1      0x216 build/obj/chdebug.o
 .debug_loc     0x000005b7      0x145 build/obj/chvt.o
 .debug_loc     0x000006fc      0x309 build/obj/chschd.o
 .debug_loc     0x00000a05      0x668 build/obj/chthreads.o
 .debug_loc     0x0000106d       0xc9 build/obj/chregistry.o
 .debug_loc     0x00001136      0x4c7 build/obj/chmtx.o
 .debug_loc     0x000015fd      0x9ac build/obj/chevents.o
 .debug_loc     0x00001fa9      0x939 build/obj/chqueues.o
 .debug_loc     0x000028e2      0x10b build/obj/chmemcore.o
 .debug_loc     0x000029ed      0x360 build/obj/chheap.o
 .debug_loc     0x00002d4d       0x98 build/obj/hal.o
 .debug_loc     0x00002de5      0x5aa build/obj/serial.o
 .debug_loc     0x0000338f      0xa21 build/obj/spi.o
 .debug_loc     0x00003db0       0xb9 build/obj/tm.o
 .debug_loc     0x00003e69      0x3fa build/obj/stm32_dma.o
 .debug_loc     0x00004263       0x20 build/obj/hal_lld.o
 .debug_loc     0x00004283      0x15d build/obj/pal_lld.o
 .debug_loc     0x000043e0      0x4a3 build/obj/spi_lld.o
 .debug_loc     0x00004883      0x478 build/obj/serial_lld.o
 .debug_loc     0x00004cfb      0x7e9 build/obj/l3gdcomp.o
 .debug_loc     0x000054e4      0x1a1 build/obj/main.o

Cross Reference Table

Symbol                                            File
BusFaultVector                                    build/obj/vectors.o
DebugMonitorVector                                build/obj/vectors.o
GPIO_DeInit                                       build/obj/stm32f30x_gpio.o
GPIO_Init                                         build/obj/stm32f30x_gpio.o
GPIO_PinAFConfig                                  build/obj/stm32f30x_gpio.o
GPIO_PinLockConfig                                build/obj/stm32f30x_gpio.o
GPIO_ReadInputData                                build/obj/stm32f30x_gpio.o
GPIO_ReadInputDataBit                             build/obj/stm32f30x_gpio.o
GPIO_ReadOutputData                               build/obj/stm32f30x_gpio.o
GPIO_ReadOutputDataBit                            build/obj/stm32f30x_gpio.o
GPIO_ResetBits                                    build/obj/stm32f30x_gpio.o
GPIO_SetBits                                      build/obj/stm32f30x_gpio.o
GPIO_Write                                        build/obj/stm32f30x_gpio.o
GPIO_WriteBit                                     build/obj/stm32f30x_gpio.o
HardFaultVector                                   build/obj/vectors.o
L3GD20Timeout                                     build/obj/l3gdcomp.o
L3GD20_FilterCmd                                  build/obj/l3gdcomp.o
L3GD20_FilterConfig                               build/obj/l3gdcomp.o
L3GD20_GetDataStatus                              build/obj/l3gdcomp.o
L3GD20_INT1InterruptCmd                           build/obj/l3gdcomp.o
L3GD20_INT1InterruptConfig                        build/obj/l3gdcomp.o
L3GD20_INT2InterruptCmd                           build/obj/l3gdcomp.o
L3GD20_Init                                       build/obj/l3gdcomp.o
                                                  build/obj/main.o
L3GD20_Init_Setting                               build/obj/l3gdcomp.o
L3GD20_Read                                       build/obj/l3gdcomp.o
                                                  build/obj/main.o
L3GD20_RebootCmd                                  build/obj/l3gdcomp.o
L3GD20_TIMEOUT_UserCallback                       build/obj/l3gdcomp.o
L3GD20_Write                                      build/obj/l3gdcomp.o
                                                  build/obj/main.o
MemManageVector                                   build/obj/vectors.o
NMIVector                                         build/obj/vectors.o
OUT_X_H                                           build/obj/main.o
OUT_X_L                                           build/obj/main.o
OUT_Y_H                                           build/obj/main.o
OUT_Y_L                                           build/obj/main.o
OUT_Z_H                                           build/obj/main.o
OUT_Z_L                                           build/obj/main.o
PendSVVector                                      build/obj/vectors.o
RCC_ADCCLKConfig                                  build/obj/stm32f30x_rcc.o
RCC_AHBPeriphClockCmd                             build/obj/stm32f30x_rcc.o
RCC_AHBPeriphResetCmd                             build/obj/stm32f30x_rcc.o
                                                  build/obj/stm32f30x_gpio.o
RCC_APB1PeriphClockCmd                            build/obj/stm32f30x_rcc.o
RCC_APB1PeriphResetCmd                            build/obj/stm32f30x_rcc.o
RCC_APB2PeriphClockCmd                            build/obj/stm32f30x_rcc.o
RCC_APB2PeriphResetCmd                            build/obj/stm32f30x_rcc.o
RCC_AdjustHSICalibrationValue                     build/obj/stm32f30x_rcc.o
RCC_BackupResetCmd                                build/obj/stm32f30x_rcc.o
RCC_ClearFlag                                     build/obj/stm32f30x_rcc.o
RCC_ClearITPendingBit                             build/obj/stm32f30x_rcc.o
RCC_ClockSecuritySystemCmd                        build/obj/stm32f30x_rcc.o
RCC_DeInit                                        build/obj/stm32f30x_rcc.o
RCC_GetClocksFreq                                 build/obj/stm32f30x_rcc.o
RCC_GetFlagStatus                                 build/obj/stm32f30x_rcc.o
RCC_GetITStatus                                   build/obj/stm32f30x_rcc.o
RCC_GetSYSCLKSource                               build/obj/stm32f30x_rcc.o
RCC_HCLKConfig                                    build/obj/stm32f30x_rcc.o
RCC_HSEConfig                                     build/obj/stm32f30x_rcc.o
RCC_HSICmd                                        build/obj/stm32f30x_rcc.o
RCC_I2CCLKConfig                                  build/obj/stm32f30x_rcc.o
RCC_I2SCLKConfig                                  build/obj/stm32f30x_rcc.o
RCC_ITConfig                                      build/obj/stm32f30x_rcc.o
RCC_LSEConfig                                     build/obj/stm32f30x_rcc.o
RCC_LSEDriveConfig                                build/obj/stm32f30x_rcc.o
RCC_LSICmd                                        build/obj/stm32f30x_rcc.o
RCC_MCOConfig                                     build/obj/stm32f30x_rcc.o
RCC_PCLK1Config                                   build/obj/stm32f30x_rcc.o
RCC_PCLK2Config                                   build/obj/stm32f30x_rcc.o
RCC_PLLCmd                                        build/obj/stm32f30x_rcc.o
RCC_PLLConfig                                     build/obj/stm32f30x_rcc.o
RCC_PREDIV1Config                                 build/obj/stm32f30x_rcc.o
RCC_RTCCLKCmd                                     build/obj/stm32f30x_rcc.o
RCC_RTCCLKConfig                                  build/obj/stm32f30x_rcc.o
RCC_SYSCLKConfig                                  build/obj/stm32f30x_rcc.o
RCC_TIMCLKConfig                                  build/obj/stm32f30x_rcc.o
RCC_USARTCLKConfig                                build/obj/stm32f30x_rcc.o
RCC_USBCLKConfig                                  build/obj/stm32f30x_rcc.o
RCC_WaitForHSEStartUp                             build/obj/stm32f30x_rcc.o
ResetHandler                                      build/obj/crt0.o
                                                  build/obj/vectors.o
SD1                                               build/obj/serial_lld.o
SD2                                               build/obj/serial_lld.o
SD3                                               build/obj/serial_lld.o
SD4                                               build/obj/serial_lld.o
SPID1                                             build/obj/spi_lld.o
                                                  build/obj/main.o
                                                  build/obj/l3gdcomp.o
SPID2                                             build/obj/spi_lld.o
SPID3                                             build/obj/spi_lld.o
SPI_I2S_GetFlagStatus                             build/obj/l3gdcomp.o
SPI_Init_A                                        build/obj/l3gdcomp.o
SPI_Initialize                                    build/obj/l3gdcomp.o
SVCallVector                                      build/obj/chcore_v7m.o
                                                  build/obj/vectors.o
SysTickVector                                     build/obj/chcore_v7m.o
                                                  build/obj/vectors.o
TestThread                                        build/obj/test.o
UsageFaultVector                                  build/obj/vectors.o
Vector100                                         build/obj/vectors.o
Vector104                                         build/obj/vectors.o
Vector108                                         build/obj/vectors.o
Vector10C                                         build/obj/vectors.o
Vector110                                         build/obj/serial_lld.o
                                                  build/obj/vectors.o
Vector114                                         build/obj/vectors.o
Vector118                                         build/obj/vectors.o
Vector11C                                         build/obj/vectors.o
Vector120                                         build/obj/stm32_dma.o
                                                  build/obj/vectors.o
Vector124                                         build/obj/stm32_dma.o
                                                  build/obj/vectors.o
Vector128                                         build/obj/stm32_dma.o
                                                  build/obj/vectors.o
Vector12C                                         build/obj/stm32_dma.o
                                                  build/obj/vectors.o
Vector130                                         build/obj/stm32_dma.o
                                                  build/obj/vectors.o
Vector134                                         build/obj/vectors.o
Vector138                                         build/obj/vectors.o
Vector13C                                         build/obj/vectors.o
Vector140                                         build/obj/vectors.o
Vector144                                         build/obj/vectors.o
Vector148                                         build/obj/vectors.o
Vector14C                                         build/obj/vectors.o
Vector150                                         build/obj/vectors.o
Vector154                                         build/obj/vectors.o
Vector158                                         build/obj/vectors.o
Vector15C                                         build/obj/vectors.o
Vector160                                         build/obj/vectors.o
Vector164                                         build/obj/vectors.o
Vector168                                         build/obj/vectors.o
Vector16C                                         build/obj/vectors.o
Vector170                                         build/obj/vectors.o
Vector174                                         build/obj/vectors.o
Vector178                                         build/obj/vectors.o
Vector17C                                         build/obj/vectors.o
Vector180                                         build/obj/vectors.o
Vector184                                         build/obj/vectors.o
Vector1C                                          build/obj/vectors.o
Vector20                                          build/obj/vectors.o
Vector24                                          build/obj/vectors.o
Vector28                                          build/obj/vectors.o
Vector34                                          build/obj/vectors.o
Vector40                                          build/obj/vectors.o
Vector44                                          build/obj/vectors.o
Vector48                                          build/obj/vectors.o
Vector4C                                          build/obj/vectors.o
Vector50                                          build/obj/vectors.o
Vector54                                          build/obj/vectors.o
Vector58                                          build/obj/vectors.o
Vector5C                                          build/obj/vectors.o
Vector60                                          build/obj/vectors.o
Vector64                                          build/obj/vectors.o
Vector68                                          build/obj/vectors.o
Vector6C                                          build/obj/stm32_dma.o
                                                  build/obj/vectors.o
Vector70                                          build/obj/stm32_dma.o
                                                  build/obj/vectors.o
Vector74                                          build/obj/stm32_dma.o
                                                  build/obj/vectors.o
Vector78                                          build/obj/stm32_dma.o
                                                  build/obj/vectors.o
Vector7C                                          build/obj/stm32_dma.o
                                                  build/obj/vectors.o
Vector80                                          build/obj/stm32_dma.o
                                                  build/obj/vectors.o
Vector84                                          build/obj/stm32_dma.o
                                                  build/obj/vectors.o
Vector88                                          build/obj/vectors.o
Vector8C                                          build/obj/vectors.o
Vector90                                          build/obj/vectors.o
Vector94                                          build/obj/vectors.o
Vector98                                          build/obj/vectors.o
Vector9C                                          build/obj/vectors.o
VectorA0                                          build/obj/vectors.o
VectorA4                                          build/obj/vectors.o
VectorA8                                          build/obj/vectors.o
VectorAC                                          build/obj/vectors.o
VectorB0                                          build/obj/vectors.o
VectorB4                                          build/obj/vectors.o
VectorB8                                          build/obj/vectors.o
VectorBC                                          build/obj/vectors.o
VectorC0                                          build/obj/vectors.o
VectorC4                                          build/obj/vectors.o
VectorC8                                          build/obj/vectors.o
VectorCC                                          build/obj/vectors.o
VectorD0                                          build/obj/vectors.o
VectorD4                                          build/obj/serial_lld.o
                                                  build/obj/vectors.o
VectorD8                                          build/obj/serial_lld.o
                                                  build/obj/vectors.o
VectorDC                                          build/obj/serial_lld.o
                                                  build/obj/vectors.o
VectorE0                                          build/obj/vectors.o
VectorE4                                          build/obj/vectors.o
VectorE8                                          build/obj/vectors.o
VectorEC                                          build/obj/vectors.o
VectorF0                                          build/obj/vectors.o
VectorF4                                          build/obj/vectors.o
VectorF8                                          build/obj/vectors.o
VectorFC                                          build/obj/vectors.o
WHO_AM_I                                          build/obj/main.o
__early_init                                      build/obj/board.o
                                                  build/obj/crt0.o
__fini_array_end                                  build/obj/crt0.o
__fini_array_start                                build/obj/crt0.o
__heap_base__                                     build/obj/chmemcore.o
__heap_end__                                      build/obj/chmemcore.o
__init_array_end                                  build/obj/crt0.o
__init_array_start                                build/obj/crt0.o
__late_init                                       build/obj/crt0.o
__main_stack_base__                               build/obj/crt0.o
__main_stack_end__                                build/obj/vectors.o
                                                  build/obj/crt0.o
__main_thread_stack_base__                        build/obj/chsys.o
__process_stack_base__                            build/obj/crt0.o
__process_stack_end__                             build/obj/crt0.o
_bss_end                                          build/obj/crt0.o
_bss_start                                        build/obj/crt0.o
_core_init                                        build/obj/chmemcore.o
                                                  build/obj/chsys.o
_data                                             build/obj/crt0.o
_default_exit                                     build/obj/crt0.o
_edata                                            build/obj/crt0.o
_heap_init                                        build/obj/chheap.o
                                                  build/obj/chsys.o
_idle_thread                                      build/obj/chsys.o
_idle_thread_wa                                   build/obj/chsys.o
_l3gd_register_setting                            build/obj/main.o
_pal_lld_init                                     build/obj/pal_lld.o
                                                  build/obj/hal.o
_pal_lld_setgroupmode                             build/obj/pal_lld.o
                                                  build/obj/l3gdcomp.o
                                                  build/obj/pal.o
_port_init                                        build/obj/chcore_v7m.o
                                                  build/obj/chsys.o
_port_irq_epilogue                                build/obj/chcore_v7m.o
                                                  build/obj/serial_lld.o
                                                  build/obj/stm32_dma.o
_port_switch                                      build/obj/chcore_v7m.o
                                                  build/obj/chschd.o
_port_switch_from_isr                             build/obj/chcore_v7m.o
_port_thread_start                                build/obj/chcore_v7m.o
                                                  build/obj/chthreads.o
_scheduler_init                                   build/obj/chschd.o
                                                  build/obj/chsys.o
_stm32_dma_streams                                build/obj/stm32_dma.o
                                                  build/obj/spi_lld.o
_test_assert                                      build/obj/test.o
                                                  build/obj/testqueues.o
                                                  build/obj/testdyn.o
                                                  build/obj/testpools.o
                                                  build/obj/testheap.o
                                                  build/obj/testevt.o
                                                  build/obj/testmbox.o
                                                  build/obj/testmtx.o
                                                  build/obj/testsem.o
                                                  build/obj/testthd.o
_test_assert_sequence                             build/obj/test.o
                                                  build/obj/testqueues.o
                                                  build/obj/testdyn.o
                                                  build/obj/testevt.o
                                                  build/obj/testmbox.o
                                                  build/obj/testmsg.o
                                                  build/obj/testmtx.o
                                                  build/obj/testsem.o
                                                  build/obj/testthd.o
_test_assert_time_window                          build/obj/test.o
                                                  build/obj/testevt.o
                                                  build/obj/testmtx.o
                                                  build/obj/testsem.o
                                                  build/obj/testthd.o
_test_fail                                        build/obj/test.o
_textdata                                         build/obj/crt0.o
_thread_init                                      build/obj/chthreads.o
                                                  build/obj/chsys.o
_thread_memfill                                   build/obj/chthreads.o
                                                  build/obj/chdynamic.o
_trace_init                                       build/obj/chdebug.o
                                                  build/obj/chsys.o
_unhandled_exception                              build/obj/vectors.o
_vectors                                          build/obj/vectors.o
_vt_init                                          build/obj/chvt.o
                                                  build/obj/chsys.o
assert_check_led                                  build/obj/main.o
boardInit                                         build/obj/board.o
                                                  build/obj/hal.o
chCondBroadcast                                   build/obj/chcond.o
                                                  build/obj/testmtx.o
chCondBroadcastI                                  build/obj/chcond.o
chCondInit                                        build/obj/chcond.o
                                                  build/obj/testmtx.o
chCondSignal                                      build/obj/chcond.o
                                                  build/obj/testmtx.o
chCondSignalI                                     build/obj/chcond.o
                                                  build/obj/testmtx.o
chCondWait                                        build/obj/chcond.o
                                                  build/obj/testmtx.o
chCondWaitS                                       build/obj/chcond.o
chCondWaitTimeout                                 build/obj/chcond.o
                                                  build/obj/testmtx.o
chCondWaitTimeoutS                                build/obj/chcond.o
chCoreAlloc                                       build/obj/chmemcore.o
                                                  build/obj/chheap.o
chCoreAllocI                                      build/obj/chmemcore.o
chCoreStatus                                      build/obj/chmemcore.o
                                                  build/obj/testheap.o
chDbgCheckClassI                                  build/obj/chdebug.o
                                                  build/obj/serial.o
                                                  build/obj/chmempools.o
                                                  build/obj/chmemcore.o
                                                  build/obj/chqueues.o
                                                  build/obj/chmboxes.o
                                                  build/obj/chevents.o
                                                  build/obj/chcond.o
                                                  build/obj/chsem.o
                                                  build/obj/chthreads.o
                                                  build/obj/chschd.o
                                                  build/obj/chvt.o
                                                  build/obj/chsys.o
chDbgCheckClassS                                  build/obj/chdebug.o
                                                  build/obj/chmboxes.o
                                                  build/obj/chcond.o
                                                  build/obj/chmtx.o
                                                  build/obj/chsem.o
                                                  build/obj/chschd.o
chDbgPanic                                        build/obj/chdebug.o
                                                  build/obj/spi_lld.o
                                                  build/obj/stm32_dma.o
                                                  build/obj/spi.o
                                                  build/obj/serial.o
                                                  build/obj/pal.o
                                                  build/obj/chmempools.o
                                                  build/obj/chheap.o
                                                  build/obj/chqueues.o
                                                  build/obj/chmboxes.o
                                                  build/obj/chmsg.o
                                                  build/obj/chevents.o
                                                  build/obj/chcond.o
                                                  build/obj/chmtx.o
                                                  build/obj/chsem.o
                                                  build/obj/chregistry.o
                                                  build/obj/chdynamic.o
                                                  build/obj/chthreads.o
                                                  build/obj/chschd.o
                                                  build/obj/chvt.o
chEvtAddEvents                                    build/obj/chevents.o
                                                  build/obj/testevt.o
chEvtBroadcastFlags                               build/obj/chevents.o
                                                  build/obj/testevt.o
chEvtBroadcastFlagsI                              build/obj/chevents.o
                                                  build/obj/serial_lld.o
                                                  build/obj/serial.o
chEvtDispatch                                     build/obj/chevents.o
                                                  build/obj/testevt.o
chEvtGetAndClearEvents                            build/obj/chevents.o
                                                  build/obj/testevt.o
chEvtGetAndClearFlags                             build/obj/chevents.o
chEvtGetAndClearFlagsI                            build/obj/chevents.o
chEvtRegisterMask                                 build/obj/chevents.o
                                                  build/obj/testevt.o
chEvtSignal                                       build/obj/chevents.o
                                                  build/obj/testevt.o
chEvtSignalI                                      build/obj/chevents.o
chEvtUnregister                                   build/obj/chevents.o
                                                  build/obj/testevt.o
chEvtWaitAll                                      build/obj/chevents.o
                                                  build/obj/testevt.o
chEvtWaitAllTimeout                               build/obj/chevents.o
                                                  build/obj/testevt.o
chEvtWaitAny                                      build/obj/chevents.o
                                                  build/obj/testevt.o
chEvtWaitAnyTimeout                               build/obj/chevents.o
                                                  build/obj/testevt.o
chEvtWaitOne                                      build/obj/chevents.o
                                                  build/obj/testevt.o
chEvtWaitOneTimeout                               build/obj/chevents.o
                                                  build/obj/testevt.o
chHeapAlloc                                       build/obj/chheap.o
                                                  build/obj/testdyn.o
                                                  build/obj/testheap.o
                                                  build/obj/chdynamic.o
chHeapFree                                        build/obj/chheap.o
                                                  build/obj/testdyn.o
                                                  build/obj/testheap.o
                                                  build/obj/chdynamic.o
chHeapInit                                        build/obj/chheap.o
                                                  build/obj/testdyn.o
                                                  build/obj/testheap.o
chHeapStatus                                      build/obj/chheap.o
                                                  build/obj/testdyn.o
                                                  build/obj/testheap.o
chIQGetTimeout                                    build/obj/chqueues.o
                                                  build/obj/serial.o
                                                  build/obj/testbmk.o
                                                  build/obj/testqueues.o
chIQInit                                          build/obj/chqueues.o
                                                  build/obj/serial.o
                                                  build/obj/testbmk.o
                                                  build/obj/testqueues.o
chIQPutI                                          build/obj/chqueues.o
                                                  build/obj/serial.o
                                                  build/obj/testbmk.o
                                                  build/obj/testqueues.o
chIQReadTimeout                                   build/obj/chqueues.o
                                                  build/obj/serial.o
                                                  build/obj/testqueues.o
chIQResetI                                        build/obj/chqueues.o
                                                  build/obj/serial.o
                                                  build/obj/testqueues.o
chMBFetch                                         build/obj/chmboxes.o
                                                  build/obj/testmbox.o
chMBFetchI                                        build/obj/chmboxes.o
                                                  build/obj/testmbox.o
chMBFetchS                                        build/obj/chmboxes.o
chMBInit                                          build/obj/chmboxes.o
                                                  build/obj/testmbox.o
chMBPost                                          build/obj/chmboxes.o
                                                  build/obj/testmbox.o
chMBPostAhead                                     build/obj/chmboxes.o
                                                  build/obj/testmbox.o
chMBPostAheadI                                    build/obj/chmboxes.o
                                                  build/obj/testmbox.o
chMBPostAheadS                                    build/obj/chmboxes.o
chMBPostI                                         build/obj/chmboxes.o
                                                  build/obj/testmbox.o
chMBPostS                                         build/obj/chmboxes.o
chMBReset                                         build/obj/chmboxes.o
                                                  build/obj/testmbox.o
chMsgRelease                                      build/obj/chmsg.o
                                                  build/obj/testbmk.o
                                                  build/obj/testmsg.o
chMsgSend                                         build/obj/chmsg.o
                                                  build/obj/testbmk.o
                                                  build/obj/testmsg.o
chMsgWait                                         build/obj/chmsg.o
                                                  build/obj/testbmk.o
                                                  build/obj/testmsg.o
chMtxInit                                         build/obj/chmtx.o
                                                  build/obj/spi.o
                                                  build/obj/testbmk.o
                                                  build/obj/testmtx.o
                                                  build/obj/chheap.o
chMtxLock                                         build/obj/chmtx.o
                                                  build/obj/spi.o
                                                  build/obj/testbmk.o
                                                  build/obj/testmtx.o
                                                  build/obj/chheap.o
chMtxLockS                                        build/obj/chmtx.o
                                                  build/obj/chcond.o
chMtxTryLock                                      build/obj/chmtx.o
                                                  build/obj/testmtx.o
chMtxTryLockS                                     build/obj/chmtx.o
chMtxUnlock                                       build/obj/chmtx.o
                                                  build/obj/spi.o
                                                  build/obj/testbmk.o
                                                  build/obj/testmtx.o
                                                  build/obj/chheap.o
chMtxUnlockAll                                    build/obj/chmtx.o
                                                  build/obj/testmtx.o
chMtxUnlockS                                      build/obj/chmtx.o
                                                  build/obj/testmtx.o
                                                  build/obj/chcond.o
chOQGetI                                          build/obj/chqueues.o
                                                  build/obj/serial_lld.o
                                                  build/obj/serial.o
                                                  build/obj/testqueues.o
chOQInit                                          build/obj/chqueues.o
                                                  build/obj/serial.o
                                                  build/obj/testqueues.o
chOQPutTimeout                                    build/obj/chqueues.o
                                                  build/obj/serial.o
                                                  build/obj/testqueues.o
chOQResetI                                        build/obj/chqueues.o
                                                  build/obj/serial.o
                                                  build/obj/testqueues.o
chOQWriteTimeout                                  build/obj/chqueues.o
                                                  build/obj/serial.o
                                                  build/obj/testqueues.o
chPoolAlloc                                       build/obj/chmempools.o
                                                  build/obj/testdyn.o
                                                  build/obj/testpools.o
                                                  build/obj/chdynamic.o
chPoolAllocI                                      build/obj/chmempools.o
chPoolFree                                        build/obj/chmempools.o
                                                  build/obj/testdyn.o
                                                  build/obj/testpools.o
                                                  build/obj/chdynamic.o
chPoolFreeI                                       build/obj/chmempools.o
chPoolInit                                        build/obj/chmempools.o
                                                  build/obj/testdyn.o
                                                  build/obj/testpools.o
chPoolLoadArray                                   build/obj/chmempools.o
                                                  build/obj/testpools.o
chRegFirstThread                                  build/obj/chregistry.o
                                                  build/obj/testdyn.o
chRegNextThread                                   build/obj/chregistry.o
                                                  build/obj/testdyn.o
chSchDoReschedule                                 build/obj/chschd.o
                                                  build/obj/chcore_v7m.o
chSchDoRescheduleAhead                            build/obj/chschd.o
chSchDoRescheduleBehind                           build/obj/chschd.o
                                                  build/obj/chthreads.o
chSchGoSleepS                                     build/obj/chschd.o
                                                  build/obj/spi.o
                                                  build/obj/testbmk.o
                                                  build/obj/chmsg.o
                                                  build/obj/chevents.o
                                                  build/obj/chcond.o
                                                  build/obj/chmtx.o
                                                  build/obj/chsem.o
                                                  build/obj/chthreads.o
chSchGoSleepTimeoutS                              build/obj/chschd.o
                                                  build/obj/chqueues.o
                                                  build/obj/chevents.o
                                                  build/obj/chcond.o
                                                  build/obj/chsem.o
                                                  build/obj/chthreads.o
chSchReadyI                                       build/obj/chschd.o
                                                  build/obj/spi_lld.o
                                                  build/obj/chqueues.o
                                                  build/obj/chmsg.o
                                                  build/obj/chevents.o
                                                  build/obj/chcond.o
                                                  build/obj/chmtx.o
                                                  build/obj/chsem.o
                                                  build/obj/chthreads.o
chSchRescheduleS                                  build/obj/chschd.o
                                                  build/obj/serial.o
                                                  build/obj/testmtx.o
                                                  build/obj/testsem.o
                                                  build/obj/chmboxes.o
                                                  build/obj/chevents.o
                                                  build/obj/chcond.o
                                                  build/obj/chmtx.o
                                                  build/obj/chsem.o
                                                  build/obj/chthreads.o
chSchWakeupS                                      build/obj/chschd.o
                                                  build/obj/testbmk.o
                                                  build/obj/chmsg.o
                                                  build/obj/chcond.o
                                                  build/obj/chmtx.o
                                                  build/obj/chsem.o
                                                  build/obj/chdynamic.o
                                                  build/obj/chthreads.o
chSemAddCounterI                                  build/obj/chsem.o
                                                  build/obj/testsem.o
chSemInit                                         build/obj/chsem.o
                                                  build/obj/testbmk.o
                                                  build/obj/testsem.o
                                                  build/obj/chmboxes.o
chSemReset                                        build/obj/chsem.o
                                                  build/obj/testbmk.o
                                                  build/obj/testsem.o
chSemResetI                                       build/obj/chsem.o
                                                  build/obj/chmboxes.o
chSemSignal                                       build/obj/chsem.o
                                                  build/obj/testbmk.o
                                                  build/obj/testsem.o
chSemSignalI                                      build/obj/chsem.o
                                                  build/obj/testsem.o
                                                  build/obj/chmboxes.o
chSemSignalWait                                   build/obj/chsem.o
                                                  build/obj/testsem.o
chSemWait                                         build/obj/chsem.o
                                                  build/obj/testbmk.o
                                                  build/obj/testsem.o
chSemWaitS                                        build/obj/chsem.o
chSemWaitTimeout                                  build/obj/chsem.o
                                                  build/obj/testsem.o
chSemWaitTimeoutS                                 build/obj/chsem.o
                                                  build/obj/chmboxes.o
chSysInit                                         build/obj/chsys.o
                                                  build/obj/main.o
chSysTimerHandlerI                                build/obj/chsys.o
                                                  build/obj/chcore_v7m.o
chThdAddRef                                       build/obj/chdynamic.o
                                                  build/obj/testdyn.o